client,available,held,total,locked
1,1.5,0.0,1.5,false
2,2.0,0.0,2.0,false
