client,available,held,total,locked
1,11.0,2.0,13.0,false
