client,available,held,total,locked
1,1.0,0.0,1.0,false
